Archive member included because of file (symbol)

c:/program files/winavr/bin/../lib/gcc/avr/4.3.3/avr4\libgcc.a(_prologue.o)
                              main.o (__prologue_saves__)
c:/program files/winavr/bin/../lib/gcc/avr/4.3.3/avr4\libgcc.a(_epilogue.o)
                              ip_arp_udp.o (__epilogue_restores__)
c:/program files/winavr/bin/../lib/gcc/avr/4.3.3/avr4\libgcc.a(_exit.o)
                              c:/program files/winavr/bin/../lib/gcc/avr/4.3.3/../../../../avr/lib/avr4/crtm88.o (exit)
c:/program files/winavr/bin/../lib/gcc/avr/4.3.3/avr4\libgcc.a(_copy_data.o)
                              main.o (__do_copy_data)
c:/program files/winavr/bin/../lib/gcc/avr/4.3.3/avr4\libgcc.a(_clear_bss.o)
                              main.o (__do_clear_bss)
c:/program files/winavr/bin/../lib/gcc/avr/4.3.3/../../../../avr/lib/avr4\libc.a(strcpy.o)
                              main.o (strcpy)
c:/program files/winavr/bin/../lib/gcc/avr/4.3.3/../../../../avr/lib/avr4\libc.a(strncmp.o)
                              main.o (strncmp)

Memory Configuration

Name             Origin             Length             Attributes
text             0x00000000         0x00002000         xr
data             0x00800060         0x0000ffa0         rw !x
eeprom           0x00810000         0x00010000         rw !x
fuse             0x00820000         0x00000400         rw !x
lock             0x00830000         0x00000400         rw !x
signature        0x00840000         0x00000400         rw !x
*default*        0x00000000         0xffffffff

Linker script and memory map

Address of section .data set to 0x800100
LOAD c:/program files/winavr/bin/../lib/gcc/avr/4.3.3/../../../../avr/lib/avr4/crtm88.o
LOAD main.o
LOAD ip_arp_udp.o
LOAD enc28j60.o
LOAD timeout.o
LOAD c:/program files/winavr/bin/../lib/gcc/avr/4.3.3/avr4\libgcc.a
LOAD c:/program files/winavr/bin/../lib/gcc/avr/4.3.3/../../../../avr/lib/avr4\libc.a
LOAD c:/program files/winavr/bin/../lib/gcc/avr/4.3.3/avr4\libgcc.a

.hash
 *(.hash)

.dynsym
 *(.dynsym)

.dynstr
 *(.dynstr)

.gnu.version
 *(.gnu.version)

.gnu.version_d
 *(.gnu.version_d)

.gnu.version_r
 *(.gnu.version_r)

.rel.init
 *(.rel.init)

.rela.init
 *(.rela.init)

.rel.text
 *(.rel.text)
 *(.rel.text.*)
 *(.rel.gnu.linkonce.t*)

.rela.text
 *(.rela.text)
 *(.rela.text.*)
 *(.rela.gnu.linkonce.t*)

.rel.fini
 *(.rel.fini)

.rela.fini
 *(.rela.fini)

.rel.rodata
 *(.rel.rodata)
 *(.rel.rodata.*)
 *(.rel.gnu.linkonce.r*)

.rela.rodata
 *(.rela.rodata)
 *(.rela.rodata.*)
 *(.rela.gnu.linkonce.r*)

.rel.data
 *(.rel.data)
 *(.rel.data.*)
 *(.rel.gnu.linkonce.d*)

.rela.data
 *(.rela.data)
 *(.rela.data.*)
 *(.rela.gnu.linkonce.d*)

.rel.ctors
 *(.rel.ctors)

.rela.ctors
 *(.rela.ctors)

.rel.dtors
 *(.rel.dtors)

.rela.dtors
 *(.rela.dtors)

.rel.got
 *(.rel.got)

.rela.got
 *(.rela.got)

.rel.bss
 *(.rel.bss)

.rela.bss
 *(.rela.bss)

.rel.plt
 *(.rel.plt)

.rela.plt
 *(.rela.plt)

.text           0x00000000      0x91a
 *(.vectors)
 .vectors       0x00000000       0x34 c:/program files/winavr/bin/../lib/gcc/avr/4.3.3/../../../../avr/lib/avr4/crtm88.o
                0x00000000                __vectors
                0x00000000                __vector_default
 *(.vectors)
 *(.progmem.gcc*)
 *(.progmem*)
                0x00000034                . = ALIGN (0x2)
                0x00000034                __trampolines_start = .
 *(.trampolines)
 .trampolines   0x00000034        0x0 linker stubs
 *(.trampolines*)
                0x00000034                __trampolines_end = .
 *(.jumptables)
 *(.jumptables*)
 *(.lowtext)
 *(.lowtext*)
                0x00000034                __ctors_start = .
 *(.ctors)
                0x00000034                __ctors_end = .
                0x00000034                __dtors_start = .
 *(.dtors)
                0x00000034                __dtors_end = .
 SORT(*)(.ctors)
 SORT(*)(.dtors)
 *(.init0)
 .init0         0x00000034        0x0 c:/program files/winavr/bin/../lib/gcc/avr/4.3.3/../../../../avr/lib/avr4/crtm88.o
                0x00000034                __init
 *(.init0)
 *(.init1)
 *(.init1)
 *(.init2)
 .init2         0x00000034        0xc c:/program files/winavr/bin/../lib/gcc/avr/4.3.3/../../../../avr/lib/avr4/crtm88.o
 *(.init2)
 *(.init3)
 *(.init3)
 *(.init4)
 .init4         0x00000040       0x16 c:/program files/winavr/bin/../lib/gcc/avr/4.3.3/avr4\libgcc.a(_copy_data.o)
                0x00000040                __do_copy_data
 .init4         0x00000056       0x10 c:/program files/winavr/bin/../lib/gcc/avr/4.3.3/avr4\libgcc.a(_clear_bss.o)
                0x00000056                __do_clear_bss
 *(.init4)
 *(.init5)
 *(.init5)
 *(.init6)
 *(.init6)
 *(.init7)
 *(.init7)
 *(.init8)
 *(.init8)
 *(.init9)
 .init9         0x00000066        0x4 c:/program files/winavr/bin/../lib/gcc/avr/4.3.3/../../../../avr/lib/avr4/crtm88.o
 *(.init9)
 *(.text)
 .text          0x0000006a        0x2 c:/program files/winavr/bin/../lib/gcc/avr/4.3.3/../../../../avr/lib/avr4/crtm88.o
                0x0000006a                __vector_22
                0x0000006a                __vector_1
                0x0000006a                __vector_24
                0x0000006a                __vector_12
                0x0000006a                __bad_interrupt
                0x0000006a                __vector_6
                0x0000006a                __vector_3
                0x0000006a                __vector_23
                0x0000006a                __vector_25
                0x0000006a                __vector_11
                0x0000006a                __vector_13
                0x0000006a                __vector_17
                0x0000006a                __vector_19
                0x0000006a                __vector_7
                0x0000006a                __vector_5
                0x0000006a                __vector_4
                0x0000006a                __vector_9
                0x0000006a                __vector_2
                0x0000006a                __vector_21
                0x0000006a                __vector_15
                0x0000006a                __vector_8
                0x0000006a                __vector_14
                0x0000006a                __vector_10
                0x0000006a                __vector_16
                0x0000006a                __vector_18
                0x0000006a                __vector_20
 .text          0x0000006c      0x1a0 main.o
                0x0000006c                verify_password
                0x00000084                main
 .text          0x0000020c      0x2c2 ip_arp_udp.o
                0x000003ce                make_udp_reply_from_request
                0x000002c6                init_ip_arp_udp
                0x0000033c                eth_type_is_ip_and_my_ip
                0x00000306                eth_type_is_arp_and_my_ip
                0x0000038e                make_ip
                0x0000044e                make_echo_reply_from_request
                0x00000374                make_eth
                0x00000482                make_arp_answer_from_request
                0x0000020c                checksum
 .text          0x000004ce      0x380 enc28j60.o
                0x00000548                ENC28J60WriteBuffer
                0x00000676                ENC28J60PacketReceive
                0x00000512                ENC28J60ReadBuffer
                0x0000061a                ENC28J60PacketSend
                0x00000614                ENC28J60GetRev
                0x000005b8                ENC28J60Read
                0x000005c8                ENC28J60Write
                0x00000574                ENC28J60SetBank
                0x000004ce                ENC28J60ReadOp
                0x00000738                ENC28J60Init
                0x000005e0                ENC28J60PhyWrite
                0x000004f8                ENC28J60WriteOp
 .text          0x0000084e       0x30 timeout.o
                0x0000087a                wd_kick
                0x00000862                wd_init
                0x0000084e                delay_ms
 .text          0x0000087e        0x0 c:/program files/winavr/bin/../lib/gcc/avr/4.3.3/avr4\libgcc.a(_prologue.o)
 .text          0x0000087e        0x0 c:/program files/winavr/bin/../lib/gcc/avr/4.3.3/avr4\libgcc.a(_epilogue.o)
 .text          0x0000087e        0x0 c:/program files/winavr/bin/../lib/gcc/avr/4.3.3/avr4\libgcc.a(_exit.o)
 .text          0x0000087e        0x0 c:/program files/winavr/bin/../lib/gcc/avr/4.3.3/avr4\libgcc.a(_copy_data.o)
 .text          0x0000087e        0x0 c:/program files/winavr/bin/../lib/gcc/avr/4.3.3/avr4\libgcc.a(_clear_bss.o)
 .text          0x0000087e        0x0 c:/program files/winavr/bin/../lib/gcc/avr/4.3.3/../../../../avr/lib/avr4\libc.a(strcpy.o)
 .text          0x0000087e        0x0 c:/program files/winavr/bin/../lib/gcc/avr/4.3.3/../../../../avr/lib/avr4\libc.a(strncmp.o)
                0x0000087e                . = ALIGN (0x2)
 *(.text.*)
 .text.libgcc   0x0000087e       0x38 c:/program files/winavr/bin/../lib/gcc/avr/4.3.3/avr4\libgcc.a(_prologue.o)
                0x0000087e                __prologue_saves__
 .text.libgcc   0x000008b6       0x36 c:/program files/winavr/bin/../lib/gcc/avr/4.3.3/avr4\libgcc.a(_epilogue.o)
                0x000008b6                __epilogue_restores__
 .text.libgcc   0x000008ec        0x0 c:/program files/winavr/bin/../lib/gcc/avr/4.3.3/avr4\libgcc.a(_exit.o)
 .text.libgcc   0x000008ec        0x0 c:/program files/winavr/bin/../lib/gcc/avr/4.3.3/avr4\libgcc.a(_copy_data.o)
 .text.libgcc   0x000008ec        0x0 c:/program files/winavr/bin/../lib/gcc/avr/4.3.3/avr4\libgcc.a(_clear_bss.o)
 .text.avr-libc
                0x000008ec        0xe c:/program files/winavr/bin/../lib/gcc/avr/4.3.3/../../../../avr/lib/avr4\libc.a(strcpy.o)
                0x000008ec                strcpy
 .text.avr-libc
                0x000008fa       0x1c c:/program files/winavr/bin/../lib/gcc/avr/4.3.3/../../../../avr/lib/avr4\libc.a(strncmp.o)
                0x000008fa                strncmp
                0x00000916                . = ALIGN (0x2)
 *(.fini9)
 .fini9         0x00000916        0x0 c:/program files/winavr/bin/../lib/gcc/avr/4.3.3/avr4\libgcc.a(_exit.o)
                0x00000916                exit
                0x00000916                _exit
 *(.fini9)
 *(.fini8)
 *(.fini8)
 *(.fini7)
 *(.fini7)
 *(.fini6)
 *(.fini6)
 *(.fini5)
 *(.fini5)
 *(.fini4)
 *(.fini4)
 *(.fini3)
 *(.fini3)
 *(.fini2)
 *(.fini2)
 *(.fini1)
 *(.fini1)
 *(.fini0)
 .fini0         0x00000916        0x4 c:/program files/winavr/bin/../lib/gcc/avr/4.3.3/avr4\libgcc.a(_exit.o)
 *(.fini0)
                0x0000091a                _etext = .

.data           0x00800100       0x3e load address 0x0000091a
                0x00800100                PROVIDE (__data_start, .)
 *(.data)
 .data          0x00800100        0x0 c:/program files/winavr/bin/../lib/gcc/avr/4.3.3/../../../../avr/lib/avr4/crtm88.o
 .data          0x00800100       0x3d main.o
 .data          0x0080013d        0x0 ip_arp_udp.o
 .data          0x0080013d        0x0 enc28j60.o
 .data          0x0080013d        0x0 timeout.o
 .data          0x0080013d        0x0 c:/program files/winavr/bin/../lib/gcc/avr/4.3.3/avr4\libgcc.a(_prologue.o)
 .data          0x0080013d        0x0 c:/program files/winavr/bin/../lib/gcc/avr/4.3.3/avr4\libgcc.a(_epilogue.o)
 .data          0x0080013d        0x0 c:/program files/winavr/bin/../lib/gcc/avr/4.3.3/avr4\libgcc.a(_exit.o)
 .data          0x0080013d        0x0 c:/program files/winavr/bin/../lib/gcc/avr/4.3.3/avr4\libgcc.a(_copy_data.o)
 .data          0x0080013d        0x0 c:/program files/winavr/bin/../lib/gcc/avr/4.3.3/avr4\libgcc.a(_clear_bss.o)
 .data          0x0080013d        0x0 c:/program files/winavr/bin/../lib/gcc/avr/4.3.3/../../../../avr/lib/avr4\libc.a(strcpy.o)
 .data          0x0080013d        0x0 c:/program files/winavr/bin/../lib/gcc/avr/4.3.3/../../../../avr/lib/avr4\libc.a(strncmp.o)
 *(.data*)
 *(.rodata)
 *(.rodata*)
 *(.gnu.linkonce.d*)
                0x0080013e                . = ALIGN (0x2)
 *fill*         0x0080013d        0x1 00
                0x0080013e                _edata = .
                0x0080013e                PROVIDE (__data_end, .)

.bss            0x0080013e      0x108
                0x0080013e                PROVIDE (__bss_start, .)
 *(.bss)
 .bss           0x0080013e        0x0 c:/program files/winavr/bin/../lib/gcc/avr/4.3.3/../../../../avr/lib/avr4/crtm88.o
 .bss           0x0080013e       0xfb main.o
 .bss           0x00800239        0xa ip_arp_udp.o
 .bss           0x00800243        0x3 enc28j60.o
 .bss           0x00800246        0x0 timeout.o
 .bss           0x00800246        0x0 c:/program files/winavr/bin/../lib/gcc/avr/4.3.3/avr4\libgcc.a(_prologue.o)
 .bss           0x00800246        0x0 c:/program files/winavr/bin/../lib/gcc/avr/4.3.3/avr4\libgcc.a(_epilogue.o)
 .bss           0x00800246        0x0 c:/program files/winavr/bin/../lib/gcc/avr/4.3.3/avr4\libgcc.a(_exit.o)
 .bss           0x00800246        0x0 c:/program files/winavr/bin/../lib/gcc/avr/4.3.3/avr4\libgcc.a(_copy_data.o)
 .bss           0x00800246        0x0 c:/program files/winavr/bin/../lib/gcc/avr/4.3.3/avr4\libgcc.a(_clear_bss.o)
 .bss           0x00800246        0x0 c:/program files/winavr/bin/../lib/gcc/avr/4.3.3/../../../../avr/lib/avr4\libc.a(strcpy.o)
 .bss           0x00800246        0x0 c:/program files/winavr/bin/../lib/gcc/avr/4.3.3/../../../../avr/lib/avr4\libc.a(strncmp.o)
 *(.bss*)
 *(COMMON)
                0x00800246                PROVIDE (__bss_end, .)
                0x0000091a                __data_load_start = LOADADDR (.data)
                0x00000958                __data_load_end = (__data_load_start + SIZEOF (.data))

.noinit         0x00800246        0x0
                0x00800246                PROVIDE (__noinit_start, .)
 *(.noinit*)
                0x00800246                PROVIDE (__noinit_end, .)
                0x00800246                _end = .
                0x00800246                PROVIDE (__heap_start, .)

.eeprom         0x00810000        0x0
 *(.eeprom*)
                0x00810000                __eeprom_end = .

.fuse
 *(.fuse)
 *(.lfuse)
 *(.hfuse)
 *(.efuse)

.lock
 *(.lock*)

.signature
 *(.signature*)

.stab
 *(.stab)

.stabstr
 *(.stabstr)

.stab.excl
 *(.stab.excl)

.stab.exclstr
 *(.stab.exclstr)

.stab.index
 *(.stab.index)

.stab.indexstr
 *(.stab.indexstr)

.comment
 *(.comment)

.debug
 *(.debug)

.line
 *(.line)

.debug_srcinfo
 *(.debug_srcinfo)

.debug_sfnames
 *(.debug_sfnames)

.debug_aranges  0x00000000       0x80
 *(.debug_aranges)
 .debug_aranges
                0x00000000       0x20 main.o
 .debug_aranges
                0x00000020       0x20 ip_arp_udp.o
 .debug_aranges
                0x00000040       0x20 enc28j60.o
 .debug_aranges
                0x00000060       0x20 timeout.o

.debug_pubnames
                0x00000000      0x258
 *(.debug_pubnames)
 .debug_pubnames
                0x00000000       0x2f main.o
 .debug_pubnames
                0x0000002f       0xe9 ip_arp_udp.o
 .debug_pubnames
                0x00000118      0x109 enc28j60.o
 .debug_pubnames
                0x00000221       0x37 timeout.o

.debug_info     0x00000000      0xa5b
 *(.debug_info)
 .debug_info    0x00000000      0x1d3 main.o
 .debug_info    0x000001d3      0x342 ip_arp_udp.o
 .debug_info    0x00000515      0x3fe enc28j60.o
 .debug_info    0x00000913      0x148 timeout.o
 *(.gnu.linkonce.wi.*)

.debug_abbrev   0x00000000      0x414
 *(.debug_abbrev)
 .debug_abbrev  0x00000000       0xd3 main.o
 .debug_abbrev  0x000000d3       0xf2 ip_arp_udp.o
 .debug_abbrev  0x000001c5      0x183 enc28j60.o
 .debug_abbrev  0x00000348       0xcc timeout.o

.debug_line     0x00000000      0xc88
 *(.debug_line)
 .debug_line    0x00000000      0x251 main.o
 .debug_line    0x00000251      0x380 ip_arp_udp.o
 .debug_line    0x000005d1      0x572 enc28j60.o
 .debug_line    0x00000b43      0x145 timeout.o

.debug_frame    0x00000000      0x1e0
 *(.debug_frame)
 .debug_frame   0x00000000       0x30 main.o
 .debug_frame   0x00000030       0xa0 ip_arp_udp.o
 .debug_frame   0x000000d0       0xd0 enc28j60.o
 .debug_frame   0x000001a0       0x40 timeout.o

.debug_str      0x00000000      0x34a
 *(.debug_str)
 .debug_str     0x00000000       0xe5 main.o
                                0x127 (size before relaxing)
 .debug_str     0x000000e5       0xea ip_arp_udp.o
                                0x1c4 (size before relaxing)
 .debug_str     0x000001cf      0x161 enc28j60.o
                                0x233 (size before relaxing)
 .debug_str     0x00000330       0x1a timeout.o
                                0x11a (size before relaxing)

.debug_loc      0x00000000      0x738
 *(.debug_loc)
 .debug_loc     0x00000000      0x14a main.o
 .debug_loc     0x0000014a      0x2f2 ip_arp_udp.o
 .debug_loc     0x0000043c      0x2fc enc28j60.o

.debug_macinfo
 *(.debug_macinfo)
OUTPUT(eth_rem_dev.out elf32-avr)
LOAD linker stubs
